2026-09-27 07:56:53 [scrapy.middleware] INFO: Enabled downloader middlewares:
['scrapy.downloadermiddlewares.offsite.OffsiteMiddleware',
 'scrapy.downloadermiddlewares.robotstxt.RobotsTxtMiddleware',
 'scrapy.downloadermiddlewares.httpauth.HttpAuthMiddleware',
 'scrapy.downloadermiddlewares.downloadtimeout.DownloadTimeoutMiddleware',
 'scrapy.downloadermiddlewares.defaultheaders.DefaultHeadersMiddleware',
 'NodeScrapy.middlewares.RandomUserAgentMiddleware',
 'scrapy.downloadermiddlewares.useragent.UserAgentMiddleware',
 'scrapy.downloadermiddlewares.retry.RetryMiddleware',
 'scrapy.downloadermiddlewares.redirect.MetaRefreshMiddleware',
 'scrapy.downloadermiddlewares.httpcompression.HttpCompressionMiddleware',
 'scrapy.downloadermiddlewares.redirect.RedirectMiddleware',
 'scrapy.downloadermiddlewares.cookies.CookiesMiddleware',
 'scrapy.downloadermiddlewares.httpproxy.HttpProxyMiddleware',
 'scrapy.downloadermiddlewares.stats.DownloaderStats']
2026-09-27 07:56:53 [py.warnings] WARNING: /opt/hostedtoolcache/Python/3.11.16/x64/lib/python3.11/site-packages/scrapy/core/downloader/middleware.py:46: ScrapyDeprecationWarning: RandomUserAgentMiddleware.process_request() requires a spider argument, this is deprecated and the argument will not be passed in future Scrapy versions. If you need to access the spider instance you can save the crawler instance passed to from_crawler() and use its spider attribute.
  self._check_mw_method_spider_arg(mw.process_request)

2026-09-27 07:56:53 [scrapy.middleware] INFO: Enabled spider middlewares:
['scrapy.spidermiddlewares.start.StartSpiderMiddleware',
 'scrapy.spidermiddlewares.httperror.HttpErrorMiddleware',
 'scrapy.spidermiddlewares.referer.RefererMiddleware',
 'scrapy.spidermiddlewares.urllength.UrlLengthMiddleware',
 'scrapy.spidermiddlewares.depth.DepthMiddleware',
 'scrapy.spidermiddlewares.metacopy.MetaCopyDetectionMiddleware']
2026-09-27 07:56:53 [scrapy.middleware] INFO: Enabled item pipelines:
['NodeScrapy.pipelines.Pipeline']
2026-09-27 07:56:53 [py.warnings] WARNING: /opt/hostedtoolcache/Python/3.11.16/x64/lib/python3.11/site-packages/scrapy/pipelines/__init__.py:60: ScrapyDeprecationWarning: Pipeline.open_spider() requires a spider argument, this is deprecated and the argument will not be passed in future Scrapy versions. If you need to access the spider instance you can save the crawler instance passed to from_crawler() and use its spider attribute.
  self._check_mw_method_spider_arg(mw.open_spider)

2026-09-27 07:56:53 [py.warnings] WARNING: /opt/hostedtoolcache/Python/3.11.16/x64/lib/python3.11/site-packages/scrapy/pipelines/__init__.py:63: ScrapyDeprecationWarning: Pipeline.close_spider() requires a spider argument, this is deprecated and the argument will not be passed in future Scrapy versions. If you need to access the spider instance you can save the crawler instance passed to from_crawler() and use its spider attribute.
  self._check_mw_method_spider_arg(mw.close_spider)

2026-09-27 07:56:53 [py.warnings] WARNING: /opt/hostedtoolcache/Python/3.11.16/x64/lib/python3.11/site-packages/scrapy/pipelines/__init__.py:66: ScrapyDeprecationWarning: Pipeline.process_item() requires a spider argument, this is deprecated and the argument will not be passed in future Scrapy versions. If you need to access the spider instance you can save the crawler instance passed to from_crawler() and use its spider attribute.
  self._check_mw_method_spider_arg(mw.process_item)

2026-09-27 07:56:53 [scrapy.core.engine] INFO: Spider opened
2026-09-27 07:56:53 [scrapy.extensions.logstats] INFO: Crawled 0 pages (at 0 pages/min), scraped 0 items (at 0 items/min)
2026-09-27 07:56:53 [scrapy.extensions.telnet] INFO: Telnet console listening on 127.0.0.1:6023
2026-09-27 07:56:53 [scrapy.extensions.remote_control] INFO: Remote control HTTP server listening on port 38347 (job 2057-7547247d9932467484625d6567403a9b)
2026-09-27 07:56:53 [scrapy.core.engine] INFO: Closing spider (finished)
2026-09-27 07:56:53 [scrapy.statscollectors] INFO: Dumping Scrapy stats:
{'elapsed_time_seconds': 0.0029949839999972028,
 'finish_reason': 'finished',
 'finish_time': datetime.datetime(2026, 9, 27, 7, 56, 53, 491459, tzinfo=datetime.timezone.utc),
 'items_per_minute': None,
 'log_count/INFO': 4,
 'memusage/max': 244092928,
 'memusage/startup': 244092928,
 'responses_per_minute': None,
 'start_time': datetime.datetime(2026, 9, 27, 7, 56, 53, 488460, tzinfo=datetime.timezone.utc)}
2026-09-27 07:56:53 [scrapy.core.engine] INFO: Spider closed (finished)
2026-09-27 07:57:06 [scrapy.addons] INFO: Enabled addons:
[]
2026-09-27 07:57:06 [scrapy.extensions.telnet] INFO: Telnet Password: 198c605f90970eb4
2026-09-27 07:57:06 [scrapy.middleware] INFO: Enabled extensions:
['scrapy.extensions.corestats.CoreStats',
 'scrapy.extensions.logcount.LogCount',
 'scrapy.extensions.telnet.TelnetConsole',
 'scrapy.extensions.memusage.MemoryUsage',
 'scrapy.extensions.logstats.LogStats',
 'scrapy.extensions.remote_control.RemoteControl']
2026-09-27 07:57:06 [scrapy.crawler] INFO: Overridden settings:
{'BOT_NAME': 'NodeScrapy',
 'FEED_EXPORT_ENCODING': 'utf-8',
 'LOG_FILE': 'scrapy.log',
 'LOG_LEVEL': 'INFO',
 'NEWSPIDER_MODULE': 'NodeScrapy.spiders',
 'ROBOTSTXT_OBEY': True,
 'SPIDER_MODULES': ['NodeScrapy.spiders']}
2026-09-27 07:57:06 [scrapy.middleware] INFO: Enabled downloader middlewares:
['scrapy.downloadermiddlewares.offsite.OffsiteMiddleware',
 'scrapy.downloadermiddlewares.robotstxt.RobotsTxtMiddleware',
 'scrapy.downloadermiddlewares.httpauth.HttpAuthMiddleware',
 'scrapy.downloadermiddlewares.downloadtimeout.DownloadTimeoutMiddleware',
 'scrapy.downloadermiddlewares.defaultheaders.DefaultHeadersMiddleware',
 'NodeScrapy.middlewares.RandomUserAgentMiddleware',
 'scrapy.downloadermiddlewares.useragent.UserAgentMiddleware',
 'scrapy.downloadermiddlewares.retry.RetryMiddleware',
 'scrapy.downloadermiddlewares.redirect.MetaRefreshMiddleware',
 'scrapy.downloadermiddlewares.httpcompression.HttpCompressionMiddleware',
 'scrapy.downloadermiddlewares.redirect.RedirectMiddleware',
 'scrapy.downloadermiddlewares.cookies.CookiesMiddleware',
 'scrapy.downloadermiddlewares.httpproxy.HttpProxyMiddleware',
 'scrapy.downloadermiddlewares.stats.DownloaderStats']
2026-09-27 07:57:06 [py.warnings] WARNING: /opt/hostedtoolcache/Python/3.11.16/x64/lib/python3.11/site-packages/scrapy/core/downloader/middleware.py:46: ScrapyDeprecationWarning: RandomUserAgentMiddleware.process_request() requires a spider argument, this is deprecated and the argument will not be passed in future Scrapy versions. If you need to access the spider instance you can save the crawler instance passed to from_crawler() and use its spider attribute.
  self._check_mw_method_spider_arg(mw.process_request)

2026-09-27 07:57:06 [scrapy.middleware] INFO: Enabled spider middlewares:
['scrapy.spidermiddlewares.start.StartSpiderMiddleware',
 'scrapy.spidermiddlewares.httperror.HttpErrorMiddleware',
 'scrapy.spidermiddlewares.referer.RefererMiddleware',
 'scrapy.spidermiddlewares.urllength.UrlLengthMiddleware',
 'scrapy.spidermiddlewares.depth.DepthMiddleware',
 'scrapy.spidermiddlewares.metacopy.MetaCopyDetectionMiddleware']
2026-09-27 07:57:06 [scrapy.middleware] INFO: Enabled item pipelines:
['NodeScrapy.pipelines.Pipeline']
2026-09-27 07:57:06 [py.warnings] WARNING: /opt/hostedtoolcache/Python/3.11.16/x64/lib/python3.11/site-packages/scrapy/pipelines/__init__.py:60: ScrapyDeprecationWarning: Pipeline.open_spider() requires a spider argument, this is deprecated and the argument will not be passed in future Scrapy versions. If you need to access the spider instance you can save the crawler instance passed to from_crawler() and use its spider attribute.
  self._check_mw_method_spider_arg(mw.open_spider)

2026-09-27 07:57:06 [py.warnings] WARNING: /opt/hostedtoolcache/Python/3.11.16/x64/lib/python3.11/site-packages/scrapy/pipelines/__init__.py:63: ScrapyDeprecationWarning: Pipeline.close_spider() requires a spider argument, this is deprecated and the argument will not be passed in future Scrapy versions. If you need to access the spider instance you can save the crawler instance passed to from_crawler() and use its spider attribute.
  self._check_mw_method_spider_arg(mw.close_spider)

2026-09-27 07:57:06 [py.warnings] WARNING: /opt/hostedtoolcache/Python/3.11.16/x64/lib/python3.11/site-packages/scrapy/pipelines/__init__.py:66: ScrapyDeprecationWarning: Pipeline.process_item() requires a spider argument, this is deprecated and the argument will not be passed in future Scrapy versions. If you need to access the spider instance you can save the crawler instance passed to from_crawler() and use its spider attribute.
  self._check_mw_method_spider_arg(mw.process_item)

2026-09-27 07:57:06 [scrapy.core.engine] INFO: Spider opened
2026-09-27 07:57:06 [scrapy.extensions.logstats] INFO: Crawled 0 pages (at 0 pages/min), scraped 0 items (at 0 items/min)
2026-09-27 07:57:06 [scrapy.extensions.telnet] INFO: Telnet console listening on 127.0.0.1:6023
2026-09-27 07:57:06 [scrapy.extensions.remote_control] INFO: Remote control HTTP server listening on port 41627 (job 2071-6f82da0e2cf245adbec4b3fddb69fa3c)
2026-09-27 07:57:06 [scrapy.core.engine] INFO: Closing spider (finished)
2026-09-27 07:57:06 [scrapy.statscollectors] INFO: Dumping Scrapy stats:
{'elapsed_time_seconds': 0.07001076100004866,
 'finish_reason': 'finished',
 'finish_time': datetime.datetime(2026, 9, 27, 7, 57, 6, 614467, tzinfo=datetime.timezone.utc),
 'items_per_minute': None,
 'log_count/INFO': 4,
 'memusage/max': 243224576,
 'memusage/startup': 243224576,
 'responses_per_minute': None,
 'start_time': datetime.datetime(2026, 9, 27, 7, 57, 6, 544454, tzinfo=datetime.timezone.utc)}
2026-09-27 07:57:06 [scrapy.core.engine] INFO: Spider closed (finished)
